// Jest Snapshot v1, https://goo.gl/fbAQLP

exports[`CategoryList renders correctly 1`] = `
<div
  class="list"
  role="list"
>
  <div
    class="card"
    role="article"
  >
    <div
      class="card-image"
    >
      <img
        alt="Beef"
        src="themodi.png"
      />
    </div>
    <div
      class="card-content"
    >
      <span
        class="card-title"
      >
        Beef
      </span>
      <p>
        strCategoryDescription
        ...
      </p>
    </div>
    <div
      class="card-action"
    >
      <a
        class="btn"
        href="/category/Beef"
      >
        Watch category
      </a>
    </div>
  </div>
</div>
`;

exports[`CategoryList renders correctly with no items 1`] = `
<div
  class="list"
  role="list"
/>
`;
